BEGIN NODES
W1|Water|E|[]
Fa1|Farmland|E|[]
Fo1|Forest|E[Cave,LostTribes]
H1|Hill|E|[LostTribes]
S1|Swamp|E|[Magic]
S2|Swamp|E|[Magic]
H2|Hill|N|[Cave]
Fa2|Farmland|E|[Mine]
Fa3|Farmland|N|[]
M1|Mountain|N|[Mine]
Fo2|Forest|E|[Cave]
Fo4|Forest|E|[]
S3|Swamp|N|[LostTribes]
H3|Hill|N|[Magic]
W2|Water|N|[]
Fo3|Forest|N|[Magic,LostTribes]
M2|Mountain|E|[]
M3|Mountain|E|[]
H4|Hill|N|[]
M4|Mountain|N|[Cave,Mine]
S4|Swamp|N|[Mine]
Fa4|Farmland|E|[]
S5|Swamp|E|[Mine]
Fo5|Forest|N|[LostTribes,Magic]
M5|Mountain|N|[]
Fa5|Farmland|N|[LostTribes]
H5|Hill|N|[LostTribes]
S6|Swamp|E|[Cave,LostTribes]
Fa6|Farmland|E|[]
M6|Mountain|E|[]
S7|Swamp|N|[Cave,LostTribes]
Fo6|Forest|N|[Magic,LostTribes]
M7|Mountain|E|[Mine]
M8|Mountain|N|[Cave]
H6|Hill|E|[Magic]
H7|Hill|E|[Mine]
Fa7|Farmland|E|[]
Fo7|Forest|E|[]
W3|Water|E|[]
END NODES

BEGIN LINKS
W1:Fa1,S2,Fo4,M3,Fo1
Fa1:S2
Fo1:H1,Fa2
H1:Fo1,M1,Fa3
S1:Fo2,M1
Fo2:M2,Fo3
S2:H2,Fo4
H2:Fa2,Fa3,S3,Fo4
Fa2:Fa3
M1:Fo2,Fo3,W2
Fo3:M2,S4,W2
M2:Fa4,S4
Fo4:S3,H4,M3
S3:H3,M4,H4
H3:W2,M4
W2:S4,Fa5,M5,M4
S4:Fa4,H5,Fa5
Fa4:S6,H5
M3:H4,S5
H4:M4,Fo5,S5
M4:M5,Fo5
S5:Fo5,Fa6
Fo5:M5,S7,M6,Fa6
M5:Fa5,S7
Fa5:H5,M8,M7,Fo6
H5:S6,H6,M8
S6:H6
Fa6:M6
M6:S7,H7
S7:Fo6,Fa7,H7
Fo6:M7,Fa7
M7:M8,Fo7,Fa7
M8:Fo7,H6
H6:Fo7,W3
H7:Fa7
Fo7:W3
END LINKS

