BEGIN NODES
W1|Water|E|[]
M1|Mountain|E|[]
S1|Swamp|E|[Magic]
M2|Mountain|E|[Cave]
Fo1|Forest|E|[Magic]
Fa1|Farmland|E|[Cave,LostTribes]
Fa2|Farmland|E|[]
S2|Swamp|E|[]
Fa3|Farmland|N|[Mine,LostTribes]
H1|Hill|N|[]
M3|Mountain|N|[Mine]
H2|Hill|E|[LostTribes]
Fa4|Farmland|N|[Cave,LostTribes]
M4|Mountain|N|[]
S3|Swamp|N|[Cave,LostTribes]
H3|Hill|E|[Mine]
H4|Hill|E|[LostTribes]
Fo2|Forest|E|[Magic]
S4|Swamp|N|[LostTribes]
H5|Hill|N|[Magic]
W2|Water|N|[]
Fo3|Forest|N|[]
M5|Mountain|E|[Magic]
Fa5|Farmland|E|[LostTribes]
M6|Mountain|N|[Mine,Cave]
S5|Swamp.N|[LostTribes,Mine]
Fa6|Farmland|E|[]
Fo4|Forest|E|[Mine]
S6|Swamp|E|[]
H6|Hill|N|[LostTribes]
Fa7|Farmland|N|[Magic]
Fo5|Forest|N|[LostTribes]
H7|Hill|N|[]
S7|Swamp|E|[LostTribes,Cave]
Fa8|Farmland|E|[LostTribes,Cave]
Fo6|Forest|N|[LostTribes]
Fa9|Farmland|N|[]
S8|Swamp|N|[Cave,LostTribes]
Fo7|Forest|N|[]
M7|Mountain|N|[Mine]
H8|Hill|E|[Magic,LostTribes]
S9|Swamp|E|[Mine]
Fo8|Forest|E|[Magic,LostTribes]
H9|Hill|E|[Mine]
M8|Mountain|E|[Magic]
M9|Mountain|E|[]
Fo9|Forest|E|[Cave]
W3|Water|E|[]
END NODES

BEGIN LINKS
W1:M1,S2,H2,Fo2,H4,Fa5,S6,Fo4
M1:S1,S2
S1:M2,Fa3,S2
M2:Fo1,H1,Fa3
Fo1:Fa1,M3,H1
Fa1:Fa2,M3
Fa2:H3,S3,M3
S2:H2
Fa3:H1,Fa4,H2
H1:M3,M4,Fa4
M3:S3,M4
H2:Fa4,S4,Fo2
Fa4:M4,H5,S4
M4:S3,Fo3
S3:H3,M5,Fo3
H3:M5
H4:Fo2
Fo2:S4,Fa5
S4:H5,M6,Fa5
H5:M6
W2:M4,Fa4,H5,M6,H6,S8,Fa7,Fo5,S5,Fo3
Fo3:S5,M5
M5:S5,Fa6
Fa5:M6,H6,S6
M6:H6
S5:Fa6,H7,Fo5
Fa6:S7,H7
Fo4:S6,Fa8
S6:H6,Fo6,Fa8
H6:S8,Fa9,Fo6
Fa7:M7,M9,Fo7,S8
Fo5:H7,M7
H7:S7,H8
S7:H8
Fa8:Fo6,S9
Fo6:Fa9,Fo8,S9
Fa9:S8,H9,Fo8
S8:Fo7,M8,H9
Fo7:M9,M8
M7:M9,Fo9,H8
H8:Fo9
S9:Fo8
Fo8:H9
H9:M8
M8:M9
M9:Fo9
W3:Fo9,H8
END LINKS